<?xml version="1.0" encoding="utf-8"?>
<XnaContent>
  <Asset Type="ZombeeSwarm.Map">
    <Swarms>
      <Item>
        <Enemies>
          <Item Type="ZombeeSwarm.EntityEnemyZombee">
            <Position>28 118</Position>
            <IsAlive>true</IsAlive>
          </Item>
          <Item Type="ZombeeSwarm.EntityEnemyZombee">
            <Position>76 118</Position>
            <IsAlive>true</IsAlive>
          </Item>
          <Item Type="ZombeeSwarm.EntityEnemyZombee">
            <Position>131 118</Position>
            <IsAlive>true</IsAlive>
          </Item>
          <Item Type="ZombeeSwarm.EntityEnemyZombee">
            <Position>169 68</Position>
            <IsAlive>true</IsAlive>
          </Item>
          <Item Type="ZombeeSwarm.EntityEnemyZombee">
            <Position>166 19</Position>
            <IsAlive>true</IsAlive>
          </Item>
          <Item Type="ZombeeSwarm.EntityEnemyBeeHive">
            <Position>67 51</Position>
            <IsAlive>true</IsAlive>
          </Item>
          <Item Type="ZombeeSwarm.EntityEnemyBeeHive">
            <Position>748 41</Position>
            <IsAlive>true</IsAlive>
          </Item>
          <Item Type="ZombeeSwarm.EntityEnemyBeeHive">
            <Position>754 557</Position>
            <IsAlive>true</IsAlive>
          </Item>
          <Item Type="ZombeeSwarm.EntityEnemyBeeHive">
            <Position>52 558</Position>
            <IsAlive>true</IsAlive>
          </Item>
          <Item Type="ZombeeSwarm.EntityEnemyZombee">
            <Position>30 489</Position>
            <IsAlive>true</IsAlive>
          </Item>
          <Item Type="ZombeeSwarm.EntityEnemyZombee">
            <Position>80 491</Position>
            <IsAlive>true</IsAlive>
          </Item>
          <Item Type="ZombeeSwarm.EntityEnemyZombee">
            <Position>132 494</Position>
            <IsAlive>true</IsAlive>
          </Item>
          <Item Type="ZombeeSwarm.EntityEnemyZombee">
            <Position>143 542</Position>
            <IsAlive>true</IsAlive>
          </Item>
          <Item Type="ZombeeSwarm.EntityEnemyZombee">
            <Position>667 587</Position>
            <IsAlive>true</IsAlive>
          </Item>
          <Item Type="ZombeeSwarm.EntityEnemyZombee">
            <Position>668 538</Position>
            <IsAlive>true</IsAlive>
          </Item>
          <Item Type="ZombeeSwarm.EntityEnemyZombee">
            <Position>666 489</Position>
            <IsAlive>true</IsAlive>
          </Item>
          <Item Type="ZombeeSwarm.EntityEnemyZombee">
            <Position>714 472</Position>
            <IsAlive>true</IsAlive>
          </Item>
          <Item Type="ZombeeSwarm.EntityEnemyZombee">
            <Position>763 475</Position>
            <IsAlive>true</IsAlive>
          </Item>
          <Item Type="ZombeeSwarm.EntityEnemyZombee">
            <Position>787 100</Position>
            <IsAlive>true</IsAlive>
          </Item>
          <Item Type="ZombeeSwarm.EntityEnemyZombee">
            <Position>736 101</Position>
            <IsAlive>true</IsAlive>
          </Item>
          <Item Type="ZombeeSwarm.EntityEnemyZombee">
            <Position>687 102</Position>
            <IsAlive>true</IsAlive>
          </Item>
          <Item Type="ZombeeSwarm.EntityEnemyZombee">
            <Position>662 54</Position>
            <IsAlive>true</IsAlive>
          </Item>
          <Item Type="ZombeeSwarm.EntityEnemyZombee">
            <Position>663 6</Position>
            <IsAlive>true</IsAlive>
          </Item>
        </Enemies>
      </Item>
      <Item>
        <Enemies>
          <Item Type="ZombeeSwarm.EntityEnemyBeeHive">
            <Position>52 49</Position>
            <IsAlive>true</IsAlive>
          </Item>
          <Item Type="ZombeeSwarm.EntityEnemyBeeHive">
            <Position>51 150</Position>
            <IsAlive>true</IsAlive>
          </Item>
          <Item Type="ZombeeSwarm.EntityEnemyBeeHive">
            <Position>53 258</Position>
            <IsAlive>true</IsAlive>
          </Item>
          <Item Type="ZombeeSwarm.EntityEnemyBeeHive">
            <Position>47 377</Position>
            <IsAlive>true</IsAlive>
          </Item>
          <Item Type="ZombeeSwarm.EntityEnemyBeeHive">
            <Position>44 478</Position>
            <IsAlive>true</IsAlive>
          </Item>
          <Item Type="ZombeeSwarm.EntityEnemyBeeHive">
            <Position>47 558</Position>
            <IsAlive>true</IsAlive>
          </Item>
          <Item Type="ZombeeSwarm.EntityEnemyZombee">
            <Position>760 37</Position>
            <IsAlive>true</IsAlive>
          </Item>
          <Item Type="ZombeeSwarm.EntityEnemyZombee">
            <Position>760 86</Position>
            <IsAlive>true</IsAlive>
          </Item>
          <Item Type="ZombeeSwarm.EntityEnemyZombee">
            <Position>760 137</Position>
            <IsAlive>true</IsAlive>
          </Item>
          <Item Type="ZombeeSwarm.EntityEnemyZombee">
            <Position>760 185</Position>
            <IsAlive>true</IsAlive>
          </Item>
          <Item Type="ZombeeSwarm.EntityEnemyZombee">
            <Position>760 234</Position>
            <IsAlive>true</IsAlive>
          </Item>
          <Item Type="ZombeeSwarm.EntityEnemyZombee">
            <Position>760 284</Position>
            <IsAlive>true</IsAlive>
          </Item>
          <Item Type="ZombeeSwarm.EntityEnemyZombee">
            <Position>760 337</Position>
            <IsAlive>true</IsAlive>
          </Item>
          <Item Type="ZombeeSwarm.EntityEnemyZombee">
            <Position>760 389</Position>
            <IsAlive>true</IsAlive>
          </Item>
          <Item Type="ZombeeSwarm.EntityEnemyZombee">
            <Position>760 437</Position>
            <IsAlive>true</IsAlive>
          </Item>
          <Item Type="ZombeeSwarm.EntityEnemyZombee">
            <Position>758 485</Position>
            <IsAlive>true</IsAlive>
          </Item>
          <Item Type="ZombeeSwarm.EntityEnemyZombee">
            <Position>758 533</Position>
            <IsAlive>true</IsAlive>
          </Item>
          <Item Type="ZombeeSwarm.EntityEnemyZombee">
            <Position>758 582</Position>
            <IsAlive>true</IsAlive>
          </Item>
          <Item Type="ZombeeSwarm.EntityEnemyZombee">
            <Position>709 583</Position>
            <IsAlive>true</IsAlive>
          </Item>
          <Item Type="ZombeeSwarm.EntityEnemyZombee">
            <Position>696 535</Position>
            <IsAlive>true</IsAlive>
          </Item>
          <Item Type="ZombeeSwarm.EntityEnemyZombee">
            <Position>696 486</Position>
            <IsAlive>true</IsAlive>
          </Item>
          <Item Type="ZombeeSwarm.EntityEnemyZombee">
            <Position>696 434</Position>
            <IsAlive>true</IsAlive>
          </Item>
          <Item Type="ZombeeSwarm.EntityEnemyZombee">
            <Position>694 384</Position>
            <IsAlive>true</IsAlive>
          </Item>
          <Item Type="ZombeeSwarm.EntityEnemyZombee">
            <Position>688 329</Position>
            <IsAlive>true</IsAlive>
          </Item>
          <Item Type="ZombeeSwarm.EntityEnemyZombee">
            <Position>688 278</Position>
            <IsAlive>true</IsAlive>
          </Item>
          <Item Type="ZombeeSwarm.EntityEnemyZombee">
            <Position>688 229</Position>
            <IsAlive>true</IsAlive>
          </Item>
          <Item Type="ZombeeSwarm.EntityEnemyZombee">
            <Position>688 178</Position>
            <IsAlive>true</IsAlive>
          </Item>
          <Item Type="ZombeeSwarm.EntityEnemyZombee">
            <Position>688 123</Position>
            <IsAlive>true</IsAlive>
          </Item>
          <Item Type="ZombeeSwarm.EntityEnemyZombee">
            <Position>688 74</Position>
            <IsAlive>true</IsAlive>
          </Item>
          <Item Type="ZombeeSwarm.EntityEnemyZombee">
            <Position>679 22</Position>
            <IsAlive>true</IsAlive>
          </Item>
          <Item Type="ZombeeSwarm.EntityEnemyZombee">
            <Position>631 20</Position>
            <IsAlive>true</IsAlive>
          </Item>
          <Item Type="ZombeeSwarm.EntityEnemyZombee">
            <Position>607 70</Position>
            <IsAlive>true</IsAlive>
          </Item>
          <Item Type="ZombeeSwarm.EntityEnemyZombee">
            <Position>614 121</Position>
            <IsAlive>true</IsAlive>
          </Item>
          <Item Type="ZombeeSwarm.EntityEnemyZombee">
            <Position>619 172</Position>
            <IsAlive>true</IsAlive>
          </Item>
          <Item Type="ZombeeSwarm.EntityEnemyZombee">
            <Position>619 220</Position>
            <IsAlive>true</IsAlive>
          </Item>
          <Item Type="ZombeeSwarm.EntityEnemyZombee">
            <Position>622 274</Position>
            <IsAlive>true</IsAlive>
          </Item>
          <Item Type="ZombeeSwarm.EntityEnemyZombee">
            <Position>627 323</Position>
            <IsAlive>true</IsAlive>
          </Item>
          <Item Type="ZombeeSwarm.EntityEnemyZombee">
            <Position>628 379</Position>
            <IsAlive>true</IsAlive>
          </Item>
          <Item Type="ZombeeSwarm.EntityEnemyZombee">
            <Position>627 427</Position>
            <IsAlive>true</IsAlive>
          </Item>
          <Item Type="ZombeeSwarm.EntityEnemyZombee">
            <Position>626 480</Position>
            <IsAlive>true</IsAlive>
          </Item>
          <Item Type="ZombeeSwarm.EntityEnemyZombee">
            <Position>626 528</Position>
            <IsAlive>true</IsAlive>
          </Item>
          <Item Type="ZombeeSwarm.EntityEnemyZombee">
            <Position>626 576</Position>
            <IsAlive>true</IsAlive>
          </Item>
        </Enemies>
      </Item>
      <Item>
        <Enemies>
          <Item Type="ZombeeSwarm.EntityEnemyBeeHive">
            <Position>61 40</Position>
            <IsAlive>true</IsAlive>
          </Item>
          <Item Type="ZombeeSwarm.EntityEnemyBeeHive">
            <Position>130 43</Position>
            <IsAlive>true</IsAlive>
          </Item>
          <Item Type="ZombeeSwarm.EntityEnemyBeeHive">
            <Position>202 42</Position>
            <IsAlive>true</IsAlive>
          </Item>
          <Item Type="ZombeeSwarm.EntityEnemyBeeHive">
            <Position>287 41</Position>
            <IsAlive>true</IsAlive>
          </Item>
          <Item Type="ZombeeSwarm.EntityEnemyBeeHive">
            <Position>380 40</Position>
            <IsAlive>true</IsAlive>
          </Item>
          <Item Type="ZombeeSwarm.EntityEnemyBeeHive">
            <Position>472 41</Position>
            <IsAlive>true</IsAlive>
          </Item>
          <Item Type="ZombeeSwarm.EntityEnemyBeeHive">
            <Position>549 41</Position>
            <IsAlive>true</IsAlive>
          </Item>
          <Item Type="ZombeeSwarm.EntityEnemyBeeHive">
            <Position>624 43</Position>
            <IsAlive>true</IsAlive>
          </Item>
          <Item Type="ZombeeSwarm.EntityEnemyZombee">
            <Position>34 96</Position>
            <IsAlive>true</IsAlive>
          </Item>
          <Item Type="ZombeeSwarm.EntityEnemyZombee">
            <Position>85 96</Position>
            <IsAlive>true</IsAlive>
          </Item>
          <Item Type="ZombeeSwarm.EntityEnemyZombee">
            <Position>137 96</Position>
            <IsAlive>true</IsAlive>
          </Item>
          <Item Type="ZombeeSwarm.EntityEnemyZombee">
            <Position>188 96</Position>
            <IsAlive>true</IsAlive>
          </Item>
          <Item Type="ZombeeSwarm.EntityEnemyZombee">
            <Position>245 97</Position>
            <IsAlive>true</IsAlive>
          </Item>
          <Item Type="ZombeeSwarm.EntityEnemyZombee">
            <Position>306 101</Position>
            <IsAlive>true</IsAlive>
          </Item>
          <Item Type="ZombeeSwarm.EntityEnemyZombee">
            <Position>355 103</Position>
            <IsAlive>true</IsAlive>
          </Item>
          <Item Type="ZombeeSwarm.EntityEnemyZombee">
            <Position>409 103</Position>
            <IsAlive>true</IsAlive>
          </Item>
          <Item Type="ZombeeSwarm.EntityEnemyZombee">
            <Position>462 103</Position>
            <IsAlive>true</IsAlive>
          </Item>
          <Item Type="ZombeeSwarm.EntityEnemyZombee">
            <Position>518 103</Position>
            <IsAlive>true</IsAlive>
          </Item>
          <Item Type="ZombeeSwarm.EntityEnemyZombee">
            <Position>573 103</Position>
            <IsAlive>true</IsAlive>
          </Item>
          <Item Type="ZombeeSwarm.EntityEnemyZombee">
            <Position>635 103</Position>
            <IsAlive>true</IsAlive>
          </Item>
          <Item Type="ZombeeSwarm.EntityEnemyZombee">
            <Position>697 103</Position>
            <IsAlive>true</IsAlive>
          </Item>
          <Item Type="ZombeeSwarm.EntityEnemyZombee">
            <Position>746 103</Position>
            <IsAlive>true</IsAlive>
          </Item>
          <Item Type="ZombeeSwarm.EntityEnemyZombee">
            <Position>785 55</Position>
            <IsAlive>true</IsAlive>
          </Item>
          <Item Type="ZombeeSwarm.EntityEnemyZombee">
            <Position>728 50</Position>
            <IsAlive>true</IsAlive>
          </Item>
          <Item Type="ZombeeSwarm.EntityEnemyZombee">
            <Position>674 13</Position>
            <IsAlive>true</IsAlive>
          </Item>
          <Item Type="ZombeeSwarm.EntityEnemyZombee">
            <Position>770 152</Position>
            <IsAlive>true</IsAlive>
          </Item>
          <Item Type="ZombeeSwarm.EntityEnemyZombee">
            <Position>706 160</Position>
            <IsAlive>true</IsAlive>
          </Item>
          <Item Type="ZombeeSwarm.EntityEnemyZombee">
            <Position>657 156</Position>
            <IsAlive>true</IsAlive>
          </Item>
          <Item Type="ZombeeSwarm.EntityEnemyZombee">
            <Position>601 156</Position>
            <IsAlive>true</IsAlive>
          </Item>
          <Item Type="ZombeeSwarm.EntityEnemyZombee">
            <Position>551 156</Position>
            <IsAlive>true</IsAlive>
          </Item>
          <Item Type="ZombeeSwarm.EntityEnemyZombee">
            <Position>501 156</Position>
            <IsAlive>true</IsAlive>
          </Item>
          <Item Type="ZombeeSwarm.EntityEnemyZombee">
            <Position>449 156</Position>
            <IsAlive>true</IsAlive>
          </Item>
          <Item Type="ZombeeSwarm.EntityEnemyZombee">
            <Position>400 156</Position>
            <IsAlive>true</IsAlive>
          </Item>
          <Item Type="ZombeeSwarm.EntityEnemyZombee">
            <Position>334 156</Position>
            <IsAlive>true</IsAlive>
          </Item>
          <Item Type="ZombeeSwarm.EntityEnemyZombee">
            <Position>281 156</Position>
            <IsAlive>true</IsAlive>
          </Item>
          <Item Type="ZombeeSwarm.EntityEnemyZombee">
            <Position>226 156</Position>
            <IsAlive>true</IsAlive>
          </Item>
          <Item Type="ZombeeSwarm.EntityEnemyZombee">
            <Position>177 156</Position>
            <IsAlive>true</IsAlive>
          </Item>
          <Item Type="ZombeeSwarm.EntityEnemyZombee">
            <Position>119 149</Position>
            <IsAlive>true</IsAlive>
          </Item>
          <Item Type="ZombeeSwarm.EntityEnemyZombee">
            <Position>70 148</Position>
            <IsAlive>true</IsAlive>
          </Item>
          <Item Type="ZombeeSwarm.EntityEnemyZombee">
            <Position>32 198</Position>
            <IsAlive>true</IsAlive>
          </Item>
          <Item Type="ZombeeSwarm.EntityEnemyZombee">
            <Position>23 247</Position>
            <IsAlive>true</IsAlive>
          </Item>
          <Item Type="ZombeeSwarm.EntityEnemyZombee">
            <Position>18 301</Position>
            <IsAlive>true</IsAlive>
          </Item>
          <Item Type="ZombeeSwarm.EntityEnemyZombee">
            <Position>16 349</Position>
            <IsAlive>true</IsAlive>
          </Item>
          <Item Type="ZombeeSwarm.EntityEnemyZombee">
            <Position>14 399</Position>
            <IsAlive>true</IsAlive>
          </Item>
          <Item Type="ZombeeSwarm.EntityEnemyZombee">
            <Position>14 449</Position>
            <IsAlive>true</IsAlive>
          </Item>
          <Item Type="ZombeeSwarm.EntityEnemyZombee">
            <Position>14 497</Position>
            <IsAlive>true</IsAlive>
          </Item>
          <Item Type="ZombeeSwarm.EntityEnemyZombee">
            <Position>14 548</Position>
            <IsAlive>true</IsAlive>
          </Item>
          <Item Type="ZombeeSwarm.EntityEnemyZombee">
            <Position>62 571</Position>
            <IsAlive>true</IsAlive>
          </Item>
          <Item Type="ZombeeSwarm.EntityEnemyZombee">
            <Position>83 523</Position>
            <IsAlive>true</IsAlive>
          </Item>
          <Item Type="ZombeeSwarm.EntityEnemyZombee">
            <Position>83 474</Position>
            <IsAlive>true</IsAlive>
          </Item>
          <Item Type="ZombeeSwarm.EntityEnemyZombee">
            <Position>83 426</Position>
            <IsAlive>true</IsAlive>
          </Item>
          <Item Type="ZombeeSwarm.EntityEnemyZombee">
            <Position>83 378</Position>
            <IsAlive>true</IsAlive>
          </Item>
          <Item Type="ZombeeSwarm.EntityEnemyZombee">
            <Position>83 326</Position>
            <IsAlive>true</IsAlive>
          </Item>
          <Item Type="ZombeeSwarm.EntityEnemyZombee">
            <Position>84 270</Position>
            <IsAlive>true</IsAlive>
          </Item>
        </Enemies>
      </Item>
      <Item>
        <Enemies>
          <Item Type="ZombeeSwarm.EntityEnemyZombee">
            <Position>55 37</Position>
            <IsAlive>true</IsAlive>
          </Item>
          <Item Type="ZombeeSwarm.EntityEnemyZombee">
            <Position>54 86</Position>
            <IsAlive>true</IsAlive>
          </Item>
          <Item Type="ZombeeSwarm.EntityEnemyZombee">
            <Position>53 138</Position>
            <IsAlive>true</IsAlive>
          </Item>
          <Item Type="ZombeeSwarm.EntityEnemyZombee">
            <Position>53 191</Position>
            <IsAlive>true</IsAlive>
          </Item>
          <Item Type="ZombeeSwarm.EntityEnemyZombee">
            <Position>52 243</Position>
            <IsAlive>true</IsAlive>
          </Item>
          <Item Type="ZombeeSwarm.EntityEnemyZombee">
            <Position>52 293</Position>
            <IsAlive>true</IsAlive>
          </Item>
          <Item Type="ZombeeSwarm.EntityEnemyZombee">
            <Position>52 348</Position>
            <IsAlive>true</IsAlive>
          </Item>
          <Item Type="ZombeeSwarm.EntityEnemyZombee">
            <Position>52 397</Position>
            <IsAlive>true</IsAlive>
          </Item>
          <Item Type="ZombeeSwarm.EntityEnemyZombee">
            <Position>52 447</Position>
            <IsAlive>true</IsAlive>
          </Item>
          <Item Type="ZombeeSwarm.EntityEnemyZombee">
            <Position>52 500</Position>
            <IsAlive>true</IsAlive>
          </Item>
          <Item Type="ZombeeSwarm.EntityEnemyZombee">
            <Position>51 548</Position>
            <IsAlive>true</IsAlive>
          </Item>
          <Item Type="ZombeeSwarm.EntityEnemyZombee">
            <Position>110 566</Position>
            <IsAlive>true</IsAlive>
          </Item>
          <Item Type="ZombeeSwarm.EntityEnemyZombee">
            <Position>164 566</Position>
            <IsAlive>true</IsAlive>
          </Item>
          <Item Type="ZombeeSwarm.EntityEnemyZombee">
            <Position>214 566</Position>
            <IsAlive>true</IsAlive>
          </Item>
          <Item Type="ZombeeSwarm.EntityEnemyZombee">
            <Position>265 564</Position>
            <IsAlive>true</IsAlive>
          </Item>
          <Item Type="ZombeeSwarm.EntityEnemyZombee">
            <Position>319 564</Position>
            <IsAlive>true</IsAlive>
          </Item>
          <Item Type="ZombeeSwarm.EntityEnemyZombee">
            <Position>375 557</Position>
            <IsAlive>true</IsAlive>
          </Item>
          <Item Type="ZombeeSwarm.EntityEnemyZombee">
            <Position>430 551</Position>
            <IsAlive>true</IsAlive>
          </Item>
          <Item Type="ZombeeSwarm.EntityEnemyZombee">
            <Position>480 549</Position>
            <IsAlive>true</IsAlive>
          </Item>
          <Item Type="ZombeeSwarm.EntityEnemyZombee">
            <Position>528 549</Position>
            <IsAlive>true</IsAlive>
          </Item>
          <Item Type="ZombeeSwarm.EntityEnemyZombee">
            <Position>584 555</Position>
            <IsAlive>true</IsAlive>
          </Item>
          <Item Type="ZombeeSwarm.EntityEnemyZombee">
            <Position>640 563</Position>
            <IsAlive>true</IsAlive>
          </Item>
          <Item Type="ZombeeSwarm.EntityEnemyZombee">
            <Position>688 571</Position>
            <IsAlive>true</IsAlive>
          </Item>
          <Item Type="ZombeeSwarm.EntityEnemyZombee">
            <Position>737 571</Position>
            <IsAlive>true</IsAlive>
          </Item>
          <Item Type="ZombeeSwarm.EntityEnemyZombee">
            <Position>779 518</Position>
            <IsAlive>true</IsAlive>
          </Item>
          <Item Type="ZombeeSwarm.EntityEnemyZombee">
            <Position>771 465</Position>
            <IsAlive>true</IsAlive>
          </Item>
          <Item Type="ZombeeSwarm.EntityEnemyZombee">
            <Position>760 410</Position>
            <IsAlive>true</IsAlive>
          </Item>
          <Item Type="ZombeeSwarm.EntityEnemyZombee">
            <Position>753 358</Position>
            <IsAlive>true</IsAlive>
          </Item>
          <Item Type="ZombeeSwarm.EntityEnemyZombee">
            <Position>751 310</Position>
            <IsAlive>true</IsAlive>
          </Item>
          <Item Type="ZombeeSwarm.EntityEnemyZombee">
            <Position>751 261</Position>
            <IsAlive>true</IsAlive>
          </Item>
          <Item Type="ZombeeSwarm.EntityEnemyZombee">
            <Position>754 213</Position>
            <IsAlive>true</IsAlive>
          </Item>
          <Item Type="ZombeeSwarm.EntityEnemyZombee">
            <Position>755 164</Position>
            <IsAlive>true</IsAlive>
          </Item>
          <Item Type="ZombeeSwarm.EntityEnemyZombee">
            <Position>755 114</Position>
            <IsAlive>true</IsAlive>
          </Item>
          <Item Type="ZombeeSwarm.EntityEnemyZombee">
            <Position>755 64</Position>
            <IsAlive>true</IsAlive>
          </Item>
          <Item Type="ZombeeSwarm.EntityEnemyZombee">
            <Position>704 27</Position>
            <IsAlive>true</IsAlive>
          </Item>
          <Item Type="ZombeeSwarm.EntityEnemyZombee">
            <Position>653 35</Position>
            <IsAlive>true</IsAlive>
          </Item>
          <Item Type="ZombeeSwarm.EntityEnemyZombee">
            <Position>605 43</Position>
            <IsAlive>true</IsAlive>
          </Item>
          <Item Type="ZombeeSwarm.EntityEnemyZombee">
            <Position>546 47</Position>
            <IsAlive>true</IsAlive>
          </Item>
          <Item Type="ZombeeSwarm.EntityEnemyZombee">
            <Position>494 47</Position>
            <IsAlive>true</IsAlive>
          </Item>
          <Item Type="ZombeeSwarm.EntityEnemyZombee">
            <Position>438 47</Position>
            <IsAlive>true</IsAlive>
          </Item>
          <Item Type="ZombeeSwarm.EntityEnemyZombee">
            <Position>388 47</Position>
            <IsAlive>true</IsAlive>
          </Item>
          <Item Type="ZombeeSwarm.EntityEnemyZombee">
            <Position>336 47</Position>
            <IsAlive>true</IsAlive>
          </Item>
          <Item Type="ZombeeSwarm.EntityEnemyZombee">
            <Position>288 47</Position>
            <IsAlive>true</IsAlive>
          </Item>
          <Item Type="ZombeeSwarm.EntityEnemyZombee">
            <Position>235 47</Position>
            <IsAlive>true</IsAlive>
          </Item>
          <Item Type="ZombeeSwarm.EntityEnemyZombee">
            <Position>182 47</Position>
            <IsAlive>true</IsAlive>
          </Item>
          <Item Type="ZombeeSwarm.EntityEnemyZombee">
            <Position>132 45</Position>
            <IsAlive>true</IsAlive>
          </Item>
        </Enemies>
      </Item>
      <Item>
        <Enemies>
          <Item Type="ZombeeSwarm.EntityEnemyBeeHive">
            <Position>37 42</Position>
            <IsAlive>true</IsAlive>
          </Item>
          <Item Type="ZombeeSwarm.EntityEnemyBeeHive">
            <Position>35 91</Position>
            <IsAlive>true</IsAlive>
          </Item>
          <Item Type="ZombeeSwarm.EntityEnemyBeeHive">
            <Position>34 139</Position>
            <IsAlive>true</IsAlive>
          </Item>
          <Item Type="ZombeeSwarm.EntityEnemyBeeHive">
            <Position>38 188</Position>
            <IsAlive>true</IsAlive>
          </Item>
          <Item Type="ZombeeSwarm.EntityEnemyBeeHive">
            <Position>38 238</Position>
            <IsAlive>true</IsAlive>
          </Item>
          <Item Type="ZombeeSwarm.EntityEnemyBeeHive">
            <Position>38 287</Position>
            <IsAlive>true</IsAlive>
          </Item>
          <Item Type="ZombeeSwarm.EntityEnemyBeeHive">
            <Position>38 342</Position>
            <IsAlive>true</IsAlive>
          </Item>
          <Item Type="ZombeeSwarm.EntityEnemyBeeHive">
            <Position>38 390</Position>
            <IsAlive>true</IsAlive>
          </Item>
          <Item Type="ZombeeSwarm.EntityEnemyBeeHive">
            <Position>38 440</Position>
            <IsAlive>true</IsAlive>
          </Item>
          <Item Type="ZombeeSwarm.EntityEnemyBeeHive">
            <Position>38 489</Position>
            <IsAlive>true</IsAlive>
          </Item>
          <Item Type="ZombeeSwarm.EntityEnemyBeeHive">
            <Position>38 538</Position>
            <IsAlive>true</IsAlive>
          </Item>
          <Item Type="ZombeeSwarm.EntityEnemyBeeHive">
            <Position>86 579</Position>
            <IsAlive>true</IsAlive>
          </Item>
          <Item Type="ZombeeSwarm.EntityEnemyBeeHive">
            <Position>96 530</Position>
            <IsAlive>true</IsAlive>
          </Item>
          <Item Type="ZombeeSwarm.EntityEnemyBeeHive">
            <Position>96 482</Position>
            <IsAlive>true</IsAlive>
          </Item>
          <Item Type="ZombeeSwarm.EntityEnemyBeeHive">
            <Position>96 431</Position>
            <IsAlive>true</IsAlive>
          </Item>
          <Item Type="ZombeeSwarm.EntityEnemyBeeHive">
            <Position>96 382</Position>
            <IsAlive>true</IsAlive>
          </Item>
          <Item Type="ZombeeSwarm.EntityEnemyBeeHive">
            <Position>95 333</Position>
            <IsAlive>true</IsAlive>
          </Item>
          <Item Type="ZombeeSwarm.EntityEnemyBeeHive">
            <Position>94 283</Position>
            <IsAlive>true</IsAlive>
          </Item>
          <Item Type="ZombeeSwarm.EntityEnemyBeeHive">
            <Position>92 233</Position>
            <IsAlive>true</IsAlive>
          </Item>
          <Item Type="ZombeeSwarm.EntityEnemyBeeHive">
            <Position>91 181</Position>
            <IsAlive>true</IsAlive>
          </Item>
          <Item Type="ZombeeSwarm.EntityEnemyBeeHive">
            <Position>89 130</Position>
            <IsAlive>true</IsAlive>
          </Item>
          <Item Type="ZombeeSwarm.EntityEnemyBeeHive">
            <Position>89 81</Position>
            <IsAlive>true</IsAlive>
          </Item>
          <Item Type="ZombeeSwarm.EntityEnemyBeeHive">
            <Position>87 33</Position>
            <IsAlive>true</IsAlive>
          </Item>
          <Item Type="ZombeeSwarm.EntityEnemyBeeHive">
            <Position>135 17</Position>
            <IsAlive>true</IsAlive>
          </Item>
          <Item Type="ZombeeSwarm.EntityEnemyBeeHive">
            <Position>152 67</Position>
            <IsAlive>true</IsAlive>
          </Item>
          <Item Type="ZombeeSwarm.EntityEnemyBeeHive">
            <Position>147 117</Position>
            <IsAlive>true</IsAlive>
          </Item>
          <Item Type="ZombeeSwarm.EntityEnemyBeeHive">
            <Position>144 165</Position>
            <IsAlive>true</IsAlive>
          </Item>
          <Item Type="ZombeeSwarm.EntityEnemyBeeHive">
            <Position>146 215</Position>
            <IsAlive>true</IsAlive>
          </Item>
          <Item Type="ZombeeSwarm.EntityEnemyBeeHive">
            <Position>153 263</Position>
            <IsAlive>true</IsAlive>
          </Item>
          <Item Type="ZombeeSwarm.EntityEnemyBeeHive">
            <Position>158 313</Position>
            <IsAlive>true</IsAlive>
          </Item>
          <Item Type="ZombeeSwarm.EntityEnemyBeeHive">
            <Position>158 363</Position>
            <IsAlive>true</IsAlive>
          </Item>
          <Item Type="ZombeeSwarm.EntityEnemyBeeHive">
            <Position>159 418</Position>
            <IsAlive>true</IsAlive>
          </Item>
          <Item Type="ZombeeSwarm.EntityEnemyBeeHive">
            <Position>160 466</Position>
            <IsAlive>true</IsAlive>
          </Item>
          <Item Type="ZombeeSwarm.EntityEnemyBeeHive">
            <Position>157 514</Position>
            <IsAlive>true</IsAlive>
          </Item>
          <Item Type="ZombeeSwarm.EntityEnemyBeeHive">
            <Position>157 562</Position>
            <IsAlive>true</IsAlive>
          </Item>
        </Enemies>
      </Item>
    </Swarms>
  </Asset>
</XnaContent>